// Jest Snapshot v1, https://goo.gl/fbAQLP

exports[`should render ExpenseList with empty message 1`] = `
<div>
  <p>
    No Expenses
  </p>
</div>
`;

exports[`should render ExpenseList with expenses 1`] = `
<div>
  <ExpenseListItem
    amount={24}
    createdAt={0}
    description="GUM"
    id="1"
    key="1"
    note=""
  />
  <ExpenseListItem
    amount={242}
    createdAt={-345600000}
    description="GUM2e"
    id="2"
    key="2"
    note=""
  />
  <ExpenseListItem
    amount={2400}
    createdAt={345600000}
    description="GUM3ee"
    id="3"
    key="3"
    note=""
  />
</div>
`;
